# @Deprecated codes stay listed as tombstones until intentionally retired.
# Canonical first-party error codes — the build-time lock that keeps them stable.
# Sorted, one <domain>.<symbol> per line. The ErrorCodeGatesTest diffs the scanned codes
# against this file. Adding a code = append it here in the same change set; renaming or
# removing one = a breaking change to an external contract (review + major version).
actuation.from-regex-empty
actuation.from-regex-invalid
actuation.not-a-pipeline
actuation.pipeline-not-found
actuation.source-schema-not-discovered
actuation.source-table-ambiguous
actuation.source-table-not-discovered
actuation.source-table-regex-invalid
actuation.source-table-selection-empty
actuation.source-table-spec-unsupported
actuation.view-fed-by-many-tables
actuation.view-key-missing
actuation.view-key-not-feed-identity
actuation.view-storage-tier-unsupported
actuation.view-store-is-a-capture-source
actuation.view-store-not-configured
actuation.view-store-unreachable
artifact.in-use
artifact.not-found
artifact.pipeline-not-stopped
artifact.precondition-required
artifact.reclaim-incomplete
artifact.version-conflict
boot.hazelcast-unavailable
capture.event-table-not-selected
capture.start-from-unparsable
cli.alias-install-dir-unknown
cli.alias-link-failed
cli.alias-name-taken
cli.artifact-exists
cli.auth-cache-invalid
cli.auth-cache-permissions
cli.auth-cache-version
cli.auth-issuer-mismatch
cli.auth-login-rejected
cli.auth-login-unreachable
cli.auth-logout-cache-changed
cli.auth-logout-unreachable
cli.auth-session-rejected
cli.auth-session-unreachable
cli.auth-usage
cli.connect-failed
cli.connector-not-official
cli.context-already-exists
cli.context-config-invalid
cli.context-config-permissions
cli.context-config-version
cli.context-invalid
cli.context-not-found
cli.context-required
cli.context-source-conflict
cli.context-usage
cli.demo-workspace-exists
cli.if-match-needs-one-resource
cli.issuer-discovery-failed
cli.issuer-discovery-invalid
cli.kind-dir-mismatch
cli.mcp-unavailable
cli.not-authenticated
cli.not-connected
cli.remote-plaintext
cli.repl-builtin-only
cli.request-timed-out
cli.resource-not-found
cli.unknown-connector
cli.verb-not-implemented
cli.watch-needs-a-terminal
cli.workspace-not-writable
connector.ambiguous-connector-class
connector.ambiguous-registration
connector.api-level-incompatible
connector.api-level-unknown
connector.capability-missing
connector.capture-failed
connector.class-not-found
connector.discover-failed
connector.instance-limit-reached
connector.instances-busy
connector.load-failed
connector.no-connector-class
connector.not-found
connector.not-official
connector.not-registered
connector.projection-failed
connector.read-abandoned
connector.read-failed
connector.read-timeout
connector.registration-conflict
connector.spec-invalid
connector.spec-not-found
connector.test-failed
connector.write-failed
control.audit-blocked
control.auth-failed
control.bootstrap-closed
control.bootstrap-forbidden
control.forbidden
control.malformed-request
control.unauthenticated
control.unreachable
data-browser.connector-not-browsable
data-browser.follow-idle
data-browser.follow-stopped
data-browser.invalid-limit
data-browser.source-deleted
data-browser.unknown-collection
data-browser.unorderable-field
dsl.ambiguous-reference
dsl.composition
dsl.config-required
dsl.config-type-mismatch
dsl.duplicate-id
dsl.forbidden-field
dsl.illegal-expression
dsl.illegal-value
dsl.invalid-config-value
dsl.malformed-interpolation
dsl.malformed-yaml
dsl.missing-reference
dsl.mode-mismatch
dsl.row-expression-needs-discovery
dsl.row-expression-type-unknown
dsl.row-expression-type-unsupported
dsl.undefined-variable
dsl.unknown-field
dsl.unsupported-mode
dsl.upsert-needs-key
engine.frontier-order-not-encodable
engine.frontier-pinned
engine.job-failed
engine.no-such-job
io.document-unreadable
io.store-unauthorized
io.store-unavailable
lifecycle.illegal-transition
lifecycle.incompatible-revision
lifecycle.unknown-pipeline
mcp.connector-spec-unavailable
mcp.environment-missing
mcp.server-rejected
monitor.no-observation
nest.append-mode-conflicts-with-key-tracking
nest.array-key-unresolvable
nest.capacity-estimate-incomplete
nest.chain-axis-limit-exceeded
nest.embed-path-conflict
nest.embed-target-not-parent-key
nest.key-change-tracking-requires-before-image
nest.memory-budget-below-partition-count
nest.memory-budget-changed-while-running
nest.migration-parking-limit-exceeded
nest.parent-absent
nest.pending-limit-exceeded
nest.resolver-vertex-limit-exceeded
nest.root-fanout-limit-exceeded
nest.root-key-required
nest.sibling-embeds-target-different-parent-keys
nest.snapshot-passthrough-forbidden
nest.state-far-exceeds-memory-budget
nest.state-paths-changed
nest.state-served-from-cold-layer
nest.tombstone-limit-exceeded
role.unsupported
source.already-exists
source.id-mismatch
source.in-use
source.not-found
source.precondition-required
source.version-conflict
store.invalid-uri
store.not-replica-set
store.tls-ca-unreadable
store.unreachable
transform.expression-failed
transform.script-compile-failed
transform.script-failed
transform.script-no-process
transform.script-output-invalid
