# Canonical first-party error codes — the build-time stability lock (ADR-0024 D5-5).
# Sorted, one <domain>.<symbol> per line. The ErrorCodeGatesTest diffs the scanned codes
# against this file. Adding a code = append it here in the same change set; renaming or
# removing one = a breaking change to an external contract (review + major version).
# @Deprecated codes stay listed as tombstones until intentionally retired.
actuation.not-a-pipeline
actuation.pipeline-not-found
boot.hazelcast-unavailable
capture.start-from-unparsable
cli.artifact-exists
cli.connect-failed
cli.kind-dir-mismatch
cli.mcp-unavailable
cli.not-authenticated
cli.not-connected
cli.repl-builtin-only
cli.request-timed-out
cli.resource-not-found
cli.unknown-connector
cli.verb-not-implemented
connector.ambiguous-connector-class
connector.ambiguous-registration
connector.api-level-incompatible
connector.api-level-unknown
connector.capture-failed
connector.class-not-found
connector.discover-failed
connector.load-failed
connector.no-connector-class
connector.not-found
connector.not-official
connector.not-registered
connector.projection-failed
connector.registration-conflict
connector.spec-invalid
connector.spec-not-found
connector.test-failed
connector.write-failed
control.audit-blocked
control.auth-failed
control.bootstrap-closed
control.bootstrap-forbidden
control.forbidden
control.malformed-request
control.unauthenticated
control.unreachable
dsl.ambiguous-reference
dsl.composition
dsl.config-required
dsl.config-type-mismatch
dsl.duplicate-id
dsl.forbidden-field
dsl.illegal-expression
dsl.illegal-value
dsl.invalid-config-value
dsl.malformed-interpolation
dsl.malformed-yaml
dsl.missing-reference
dsl.mode-mismatch
dsl.row-expression-needs-discovery
dsl.row-expression-type-unknown
dsl.row-expression-type-unsupported
dsl.undefined-variable
dsl.unknown-field
dsl.unsupported-mode
engine.frontier-order-not-encodable
engine.job-failed
engine.no-such-job
io.document-unreadable
io.store-unauthorized
io.store-unavailable
lifecycle.illegal-transition
lifecycle.incompatible-revision
lifecycle.unknown-pipeline
mcp.connector-spec-unavailable
mcp.environment-missing
mcp.server-rejected
monitor.no-observation
nest.append-mode-conflicts-with-key-tracking
nest.array-key-unresolvable
nest.chain-axis-limit-exceeded
nest.embed-path-conflict
nest.key-change-tracking-requires-before-image
nest.memory-budget-below-partition-count
nest.memory-budget-changed-while-running
nest.migration-parking-limit-exceeded
nest.pending-protection-expired
nest.resolver-vertex-limit-exceeded
nest.root-fanout-limit-exceeded
nest.root-key-required
nest.sibling-embeds-target-different-parent-keys
nest.snapshot-passthrough-forbidden
nest.state-paths-changed
role.unsupported
source.already-exists
source.id-mismatch
source.in-use
source.not-found
source.precondition-required
source.version-conflict
store.invalid-uri
store.not-replica-set
store.tls-ca-unreadable
store.unreachable
transform.expression-failed
transform.script-compile-failed
transform.script-failed
transform.script-no-process
transform.script-output-invalid
