# The shape of the state a nest vertex stores, and the identity each type is read back under.
#
# This file changing means bytes already written no longer describe the types that will read them.
# A field added here is absent from every entry stored before it, and reads back as null, 0 or false
# with nothing thrown and nothing logged. Updating this file is the moment to decide which case it is:
#
#   - the absent value is safe for every field added, or
#   - the serialVersionUID is bumped, so old bytes are refused outright instead of quietly misread.
#
# Records are listed too. Their identity does not move when their components change, so this file is
# the only thing that notices when one of them gains a field.

io.tapstate.core.event.ChainPosition :: field :: order :: io.tapstate.core.event.SourceOrder
io.tapstate.core.event.ChainPosition :: field :: token :: java.lang.String
io.tapstate.core.event.ChainPosition :: record :: uid=0
io.tapstate.core.event.SourceOrder :: field :: epoch :: long
io.tapstate.core.event.SourceOrder :: field :: seq :: long
io.tapstate.core.event.SourceOrder :: record :: uid=0
io.tapstate.runtime.engine.nest.ElementRef :: field :: elementKey :: java.util.List<java.lang.Object>
io.tapstate.runtime.engine.nest.ElementRef :: field :: identity :: java.lang.Object
io.tapstate.runtime.engine.nest.ElementRef :: field :: parentIdentity :: java.lang.Object
io.tapstate.runtime.engine.nest.ElementRef :: field :: pathId :: java.util.List<java.lang.String>
io.tapstate.runtime.engine.nest.ElementRef :: record :: uid=0
# departed reads back absent as false, which is what "nothing was sent to the key this came from" is
# written as - and nothing stored before the field existed had anything sent, because no path sent one.
# So the absent value is the right answer here too, and the identity stays where it is.
io.tapstate.runtime.engine.nest.NestElement :: field :: departed :: boolean
io.tapstate.runtime.engine.nest.NestElement :: field :: fields :: java.util.Map<java.lang.String, java.lang.Object>
# movedFrom reads back absent as null, which is what "this change is not a move" is written as. Nothing
# stored before the field existed could have been one - no path produced a move at all - so the absent
# value is not merely tolerable here, it is the right answer. The identity therefore stays where it is.
io.tapstate.runtime.engine.nest.NestElement :: field :: movedFrom :: io.tapstate.runtime.engine.nest.ElementRef
io.tapstate.runtime.engine.nest.NestElement :: field :: order :: io.tapstate.core.event.SourceOrder
io.tapstate.runtime.engine.nest.NestElement :: field :: positions :: java.util.Map<java.lang.String, io.tapstate.core.event.ChainPosition>
io.tapstate.runtime.engine.nest.NestElement :: field :: ref :: io.tapstate.runtime.engine.nest.ElementRef
io.tapstate.runtime.engine.nest.NestElement :: record :: uid=0
# A subtree between documents, and the address an entry of them is filed under. Both are written to a
# store and read back by whatever build is running when the document that was owed the rows takes them,
# which is every reason the state types below are pinned here.
# A hand-over gained two fields when it started being written in pieces, and the absent value is the
# right answer for both, which is why the identity is not bumped. An entry written before there were
# pieces holds all of its rows in `changes` and has no further ones - which is what `batches` reading 0
# says - and it was written at the address of the hand-over itself, which is what `piece` reading 0 is.
io.tapstate.runtime.engine.nest.ParkedSubtree :: field :: batches :: int
io.tapstate.runtime.engine.nest.ParkedSubtree :: field :: changes :: java.util.List<io.tapstate.runtime.engine.nest.NestElement>
io.tapstate.runtime.engine.nest.ParkedSubtree :: record :: uid=0
io.tapstate.runtime.engine.nest.ParkedSubtree$At :: field :: elementKey :: java.util.List<java.lang.Object>
io.tapstate.runtime.engine.nest.ParkedSubtree$At :: field :: pathId :: java.util.List<java.lang.String>
io.tapstate.runtime.engine.nest.ParkedSubtree$At :: field :: piece :: int
io.tapstate.runtime.engine.nest.ParkedSubtree$At :: record :: uid=0
io.tapstate.runtime.engine.nest.ResolverState :: class :: uid=1
io.tapstate.runtime.engine.nest.ResolverState :: field :: deleted :: boolean
io.tapstate.runtime.engine.nest.ResolverState :: field :: order :: io.tapstate.core.event.SourceOrder
io.tapstate.runtime.engine.nest.ResolverState :: field :: parentKey :: java.lang.Object
io.tapstate.runtime.engine.nest.ResolverState :: field :: waiting :: java.util.List<io.tapstate.runtime.engine.nest.ResolverState$Waiting>
io.tapstate.runtime.engine.nest.ResolverState$Waiting :: field :: arrivedAt :: long
io.tapstate.runtime.engine.nest.ResolverState$Waiting :: field :: child :: io.tapstate.runtime.engine.nest.NestElement
io.tapstate.runtime.engine.nest.ResolverState$Waiting :: record :: uid=0
io.tapstate.runtime.engine.nest.RootAssembly :: class :: uid=2
io.tapstate.runtime.engine.nest.RootAssembly :: field :: byIdentity :: java.util.Map<java.util.List<java.lang.String>, java.util.Map<java.lang.Object, io.tapstate.runtime.engine.nest.RootAssembly$ElementNode>>
io.tapstate.runtime.engine.nest.RootAssembly :: field :: children :: java.util.Map<java.lang.String, java.util.Map<java.util.List<java.lang.Object>, io.tapstate.runtime.engine.nest.RootAssembly$ElementNode>>
# Builds before flat embeds had no field to write here. A missing value therefore means no flat field
# was ever emitted and is safely initialized to an empty map on first use.
io.tapstate.runtime.engine.nest.RootAssembly :: field :: flatFields :: java.util.Map<java.lang.String, java.util.Set<java.lang.String>>
io.tapstate.runtime.engine.nest.RootAssembly :: field :: fromRoot :: io.tapstate.runtime.engine.nest.RootAssembly$Absorbed
io.tapstate.runtime.engine.nest.RootAssembly :: field :: heldElements :: java.util.List<io.tapstate.runtime.engine.nest.NestElement>
io.tapstate.runtime.engine.nest.RootAssembly :: field :: rootFields :: java.util.Map<java.lang.String, java.lang.Object>
io.tapstate.runtime.engine.nest.RootAssembly :: field :: rootOrder :: io.tapstate.core.event.SourceOrder
io.tapstate.runtime.engine.nest.RootAssembly :: field :: rootPresent :: boolean
io.tapstate.runtime.engine.nest.RootAssembly :: field :: waiting :: java.util.Map<io.tapstate.runtime.engine.nest.RootAssembly$WaitingOn, java.util.List<io.tapstate.runtime.engine.nest.RootAssembly$Pending>>
io.tapstate.runtime.engine.nest.RootAssembly$Absorbed :: class :: uid=1
io.tapstate.runtime.engine.nest.RootAssembly$Absorbed :: field :: highest :: java.util.Map<java.lang.String, io.tapstate.core.event.ChainPosition>
io.tapstate.runtime.engine.nest.RootAssembly$Absorbed :: field :: lowest :: java.util.Map<java.lang.String, io.tapstate.core.event.ChainPosition>
io.tapstate.runtime.engine.nest.RootAssembly$ElementNode :: class :: uid=1
io.tapstate.runtime.engine.nest.RootAssembly$ElementNode :: field :: children :: java.util.Map<java.lang.String, java.util.Map<java.util.List<java.lang.Object>, io.tapstate.runtime.engine.nest.RootAssembly$ElementNode>>
io.tapstate.runtime.engine.nest.RootAssembly$ElementNode :: field :: deletedAt :: java.util.Map<java.lang.String, io.tapstate.core.event.SourceOrder>
io.tapstate.runtime.engine.nest.RootAssembly$ElementNode :: field :: fields :: java.util.Map<java.lang.String, java.lang.Object>
io.tapstate.runtime.engine.nest.RootAssembly$ElementNode :: field :: order :: io.tapstate.core.event.SourceOrder
io.tapstate.runtime.engine.nest.RootAssembly$Pending :: field :: held :: io.tapstate.runtime.engine.nest.NestElement
io.tapstate.runtime.engine.nest.RootAssembly$Pending :: field :: node :: io.tapstate.runtime.engine.nest.RootAssembly$ElementNode
io.tapstate.runtime.engine.nest.RootAssembly$Pending :: record :: uid=0
io.tapstate.runtime.engine.nest.RootAssembly$WaitingOn :: field :: identity :: java.lang.Object
io.tapstate.runtime.engine.nest.RootAssembly$WaitingOn :: field :: pathId :: java.util.List<java.lang.String>
io.tapstate.runtime.engine.nest.RootAssembly$WaitingOn :: record :: uid=0
